--------------------------------------------------------------------------------
Release 14.7 Trace  (lin64)
Copyright (c) 1995-2013 Xilinx, Inc.  All rights reserved.

/opt/Xilinx/14.7/ISE_DS/ISE/bin/lin64/unwrapped/trce -intstyle ise -v 3 -s 3 -n
3 -fastpaths -xml test_cam.twx test_cam.ncd -o test_cam.twr test_cam.pcf

Design file:              test_cam.ncd
Physical constraint file: test_cam.pcf
Device,package,speed:     xc7a100t,csg324,C,-3 (PRODUCTION 1.10 2013-10-13)
Report level:             verbose report

Environment Variable      Effect 
--------------------      ------ 
NONE                      No environment variables were set
--------------------------------------------------------------------------------

INFO:Timing:2698 - No timing constraints found, doing default enumeration.
INFO:Timing:3412 - To improve timing, see the Timing Closure User Guide (UG612).
INFO:Timing:2752 - To get complete path coverage, use the unconstrained paths 
   option. All paths that are not constrained will be reported in the 
   unconstrained paths section(s) of the report.
INFO:Timing:3339 - The clock-to-out numbers in this timing report are based on 
   a 50 Ohm transmission line loading model.  For the details of this model, 
   and for more information on accounting for different loading conditions, 
   please see the device datasheet.



Data Sheet report:
-----------------
All values displayed in nanoseconds (ns)

Setup/Hold to clock CAM_PCLK
------------+------------+------------+------------+------------+------------------+--------+
            |Max Setup to|  Process   |Max Hold to |  Process   |                  | Clock  |
Source      | clk (edge) |   Corner   | clk (edge) |   Corner   |Internal Clock(s) | Phase  |
------------+------------+------------+------------+------------+------------------+--------+
CAM_HREF    |    0.561(R)|      FAST  |    1.195(R)|      SLOW  |CAM_PCLK_BUFGP    |   0.000|
            |    1.175(F)|      SLOW  |    1.091(F)|      SLOW  |CAM_PCLK_BUFGP    |   0.000|
CAM_VSYNC   |    0.467(R)|      FAST  |    1.306(R)|      SLOW  |CAM_PCLK_BUFGP    |   0.000|
            |    0.992(F)|      SLOW  |    1.247(F)|      SLOW  |CAM_PCLK_BUFGP    |   0.000|
D<0>        |   -0.799(R)|      FAST  |    2.593(R)|      SLOW  |CAM_PCLK_BUFGP    |   0.000|
D<1>        |   -0.772(R)|      FAST  |    2.550(R)|      SLOW  |CAM_PCLK_BUFGP    |   0.000|
D<2>        |   -0.773(R)|      FAST  |    2.641(R)|      SLOW  |CAM_PCLK_BUFGP    |   0.000|
D<3>        |   -0.721(R)|      FAST  |    2.509(R)|      SLOW  |CAM_PCLK_BUFGP    |   0.000|
D<4>        |   -0.771(R)|      FAST  |    2.589(R)|      SLOW  |CAM_PCLK_BUFGP    |   0.000|
D<5>        |   -0.839(R)|      FAST  |    2.700(R)|      SLOW  |CAM_PCLK_BUFGP    |   0.000|
------------+------------+------------+------------+------------+------------------+--------+

Setup/Hold to clock clk
------------+------------+------------+------------+------------+------------------+--------+
            |Max Setup to|  Process   |Max Hold to |  Process   |                  | Clock  |
Source      | clk (edge) |   Corner   | clk (edge) |   Corner   |Internal Clock(s) | Phase  |
------------+------------+------------+------------+------------+------------------+--------+
rst         |    1.127(R)|      FAST  |    1.225(R)|      SLOW  |clk25M            |   0.000|
------------+------------+------------+------------+------------+------------------+--------+

Clock clk to Pad
------------+-----------------+------------+-----------------+------------+------------------+--------+
            |Max (slowest) clk|  Process   |Min (fastest) clk|  Process   |                  | Clock  |
Destination |  (edge) to PAD  |   Corner   |  (edge) to PAD  |   Corner   |Internal Clock(s) | Phase  |
------------+-----------------+------------+-----------------+------------+------------------+--------+
VGA_B<2>    |        13.392(R)|      SLOW  |         4.139(R)|      FAST  |clk25M            |   0.000|
VGA_B<3>    |        13.986(R)|      SLOW  |         4.118(R)|      FAST  |clk25M            |   0.000|
VGA_G<1>    |        12.981(R)|      SLOW  |         4.106(R)|      FAST  |clk25M            |   0.000|
VGA_G<2>    |        13.215(R)|      SLOW  |         4.228(R)|      FAST  |clk25M            |   0.000|
VGA_G<3>    |        12.832(R)|      SLOW  |         4.392(R)|      FAST  |clk25M            |   0.000|
VGA_Hsync_n |        11.099(R)|      SLOW  |         4.261(R)|      FAST  |clk25M            |   0.000|
VGA_R<1>    |        12.538(R)|      SLOW  |         4.262(R)|      FAST  |clk25M            |   0.000|
VGA_R<2>    |        13.395(R)|      SLOW  |         4.256(R)|      FAST  |clk25M            |   0.000|
VGA_R<3>    |        13.412(R)|      SLOW  |         4.200(R)|      FAST  |clk25M            |   0.000|
VGA_Vsync_n |        11.403(R)|      SLOW  |         4.044(R)|      FAST  |clk25M            |   0.000|
------------+-----------------+------------+-----------------+------------+------------------+--------+

Clock to Setup on destination clock CAM_PCLK
---------------+---------+---------+---------+---------+
               | Src:Rise| Src:Fall| Src:Rise| Src:Fall|
Source Clock   |Dest:Rise|Dest:Rise|Dest:Fall|Dest:Fall|
---------------+---------+---------+---------+---------+
CAM_PCLK       |    1.522|         |    2.955|    4.532|
---------------+---------+---------+---------+---------+

Clock to Setup on destination clock clk
---------------+---------+---------+---------+---------+
               | Src:Rise| Src:Fall| Src:Rise| Src:Fall|
Source Clock   |Dest:Rise|Dest:Rise|Dest:Fall|Dest:Fall|
---------------+---------+---------+---------+---------+
CAM_PCLK       |    5.265|    5.147|         |         |
clk            |    6.964|         |         |         |
---------------+---------+---------+---------+---------+

Pad to Pad
---------------+---------------+---------+
Source Pad     |Destination Pad|  Delay  |
---------------+---------------+---------+
clk            |CAM_xclk       |    8.298|
---------------+---------------+---------+


Analysis completed Sun Feb  9 19:28:57 2020 
--------------------------------------------------------------------------------

Trace Settings:
-------------------------
Trace Settings 

Peak Memory Usage: 768 MB



